Analysis & Synthesis report for V1
Mon Aug 27 14:49:57 2018
Quartus Prime Version 17.0.0 Build 595 04/25/2017 SJ Lite Edition


---------------------
; Table of Contents ;
---------------------
  1. Legal Notice
  2. Analysis & Synthesis Summary
  3. Analysis & Synthesis Settings
  4. Parallel Compilation
  5. Analysis & Synthesis Source Files Read
  6. Analysis & Synthesis Resource Usage Summary
  7. Analysis & Synthesis Resource Utilization by Entity
  8. User-Specified and Inferred Latches
  9. Registers Removed During Synthesis
 10. General Register Statistics
 11. Multiplexer Restructuring Statistics (Restructuring Performed)
 12. Parameter Settings for User Entity Instance: note_print:inst
 13. Parameter Settings for User Entity Instance: LPM_CONSTANT:inst10
 14. Parameter Settings for User Entity Instance: LPM_CONSTANT:inst11
 15. Post-Synthesis Netlist Statistics for Top Partition
 16. Elapsed Time Per Partition
 17. Analysis & Synthesis Messages



----------------
; Legal Notice ;
----------------
Copyright (C) 2017  Intel Corporation. All rights reserved.
Your use of Intel Corporation's design tools, logic functions 
and other software and tools, and its AMPP partner logic 
functions, and any output files from any of the foregoing 
(including device programming or simulation files), and any 
associated documentation or information are expressly subject 
to the terms and conditions of the Intel Program License 
Subscription Agreement, the Intel Quartus Prime License Agreement,
the Intel MegaCore Function License Agreement, or other 
applicable license agreement, including, without limitation, 
that your use is for the sole purpose of programming logic 
devices manufactured by Intel and sold by Intel or its 
authorized distributors.  Please refer to the applicable 
agreement for further details.



+-------------------------------------------------------------------------------+
; Analysis & Synthesis Summary                                                  ;
+---------------------------------+---------------------------------------------+
; Analysis & Synthesis Status     ; Successful - Mon Aug 27 14:49:57 2018       ;
; Quartus Prime Version           ; 17.0.0 Build 595 04/25/2017 SJ Lite Edition ;
; Revision Name                   ; V1                                          ;
; Top-level Entity Name           ; graphics_module_diag                        ;
; Family                          ; Cyclone V                                   ;
; Logic utilization (in ALMs)     ; N/A                                         ;
; Total registers                 ; 211                                         ;
; Total pins                      ; 34                                          ;
; Total virtual pins              ; 0                                           ;
; Total block memory bits         ; 0                                           ;
; Total DSP Blocks                ; 0                                           ;
; Total HSSI RX PCSs              ; 0                                           ;
; Total HSSI PMA RX Deserializers ; 0                                           ;
; Total HSSI TX PCSs              ; 0                                           ;
; Total HSSI PMA TX Serializers   ; 0                                           ;
; Total PLLs                      ; 0                                           ;
; Total DLLs                      ; 0                                           ;
+---------------------------------+---------------------------------------------+


+-----------------------------------------------------------------------------------------------------------------------------+
; Analysis & Synthesis Settings                                                                                               ;
+---------------------------------------------------------------------------------+----------------------+--------------------+
; Option                                                                          ; Setting              ; Default Value      ;
+---------------------------------------------------------------------------------+----------------------+--------------------+
; Device                                                                          ; 5CSXFC6D6F31C6       ;                    ;
; Top-level entity name                                                           ; graphics_module_diag ; V1                 ;
; Family name                                                                     ; Cyclone V            ; Cyclone V          ;
; Use smart compilation                                                           ; Off                  ; Off                ;
; Enable parallel Assembler and TimeQuest Timing Analyzer during compilation      ; On                   ; On                 ;
; Enable compact report table                                                     ; Off                  ; Off                ;
; Restructure Multiplexers                                                        ; Auto                 ; Auto               ;
; MLAB Add Timing Constraints For Mixed-Port Feed-Through Mode Setting Don't Care ; Off                  ; Off                ;
; Create Debugging Nodes for IP Cores                                             ; Off                  ; Off                ;
; Preserve fewer node names                                                       ; On                   ; On                 ;
; OpenCore Plus hardware evaluation                                               ; Enable               ; Enable             ;
; Verilog Version                                                                 ; Verilog_2001         ; Verilog_2001       ;
; VHDL Version                                                                    ; VHDL_1993            ; VHDL_1993          ;
; State Machine Processing                                                        ; Auto                 ; Auto               ;
; Safe State Machine                                                              ; Off                  ; Off                ;
; Extract Verilog State Machines                                                  ; On                   ; On                 ;
; Extract VHDL State Machines                                                     ; On                   ; On                 ;
; Ignore Verilog initial constructs                                               ; Off                  ; Off                ;
; Iteration limit for constant Verilog loops                                      ; 5000                 ; 5000               ;
; Iteration limit for non-constant Verilog loops                                  ; 250                  ; 250                ;
; Add Pass-Through Logic to Inferred RAMs                                         ; On                   ; On                 ;
; Infer RAMs from Raw Logic                                                       ; On                   ; On                 ;
; Parallel Synthesis                                                              ; On                   ; On                 ;
; DSP Block Balancing                                                             ; Auto                 ; Auto               ;
; NOT Gate Push-Back                                                              ; On                   ; On                 ;
; Power-Up Don't Care                                                             ; On                   ; On                 ;
; Remove Redundant Logic Cells                                                    ; Off                  ; Off                ;
; Remove Duplicate Registers                                                      ; On                   ; On                 ;
; Ignore CARRY Buffers                                                            ; Off                  ; Off                ;
; Ignore CASCADE Buffers                                                          ; Off                  ; Off                ;
; Ignore GLOBAL Buffers                                                           ; Off                  ; Off                ;
; Ignore ROW GLOBAL Buffers                                                       ; Off                  ; Off                ;
; Ignore LCELL Buffers                                                            ; Off                  ; Off                ;
; Ignore SOFT Buffers                                                             ; On                   ; On                 ;
; Limit AHDL Integers to 32 Bits                                                  ; Off                  ; Off                ;
; Optimization Technique                                                          ; Balanced             ; Balanced           ;
; Carry Chain Length                                                              ; 70                   ; 70                 ;
; Auto Carry Chains                                                               ; On                   ; On                 ;
; Auto Open-Drain Pins                                                            ; On                   ; On                 ;
; Perform WYSIWYG Primitive Resynthesis                                           ; Off                  ; Off                ;
; Auto ROM Replacement                                                            ; On                   ; On                 ;
; Auto RAM Replacement                                                            ; On                   ; On                 ;
; Auto DSP Block Replacement                                                      ; On                   ; On                 ;
; Auto Shift Register Replacement                                                 ; Auto                 ; Auto               ;
; Allow Shift Register Merging across Hierarchies                                 ; Auto                 ; Auto               ;
; Auto Clock Enable Replacement                                                   ; On                   ; On                 ;
; Strict RAM Replacement                                                          ; Off                  ; Off                ;
; Allow Synchronous Control Signals                                               ; On                   ; On                 ;
; Force Use of Synchronous Clear Signals                                          ; Off                  ; Off                ;
; Auto Resource Sharing                                                           ; Off                  ; Off                ;
; Allow Any RAM Size For Recognition                                              ; Off                  ; Off                ;
; Allow Any ROM Size For Recognition                                              ; Off                  ; Off                ;
; Allow Any Shift Register Size For Recognition                                   ; Off                  ; Off                ;
; Use LogicLock Constraints during Resource Balancing                             ; On                   ; On                 ;
; Ignore translate_off and synthesis_off directives                               ; Off                  ; Off                ;
; Timing-Driven Synthesis                                                         ; On                   ; On                 ;
; Report Parameter Settings                                                       ; On                   ; On                 ;
; Report Source Assignments                                                       ; On                   ; On                 ;
; Report Connectivity Checks                                                      ; On                   ; On                 ;
; Ignore Maximum Fan-Out Assignments                                              ; Off                  ; Off                ;
; Synchronization Register Chain Length                                           ; 3                    ; 3                  ;
; PowerPlay Power Optimization During Synthesis                                   ; Normal compilation   ; Normal compilation ;
; HDL message level                                                               ; Level2               ; Level2             ;
; Suppress Register Optimization Related Messages                                 ; Off                  ; Off                ;
; Number of Removed Registers Reported in Synthesis Report                        ; 5000                 ; 5000               ;
; Number of Swept Nodes Reported in Synthesis Report                              ; 5000                 ; 5000               ;
; Number of Inverted Registers Reported in Synthesis Report                       ; 100                  ; 100                ;
; Clock MUX Protection                                                            ; On                   ; On                 ;
; Auto Gated Clock Conversion                                                     ; Off                  ; Off                ;
; Block Design Naming                                                             ; Auto                 ; Auto               ;
; SDC constraint protection                                                       ; Off                  ; Off                ;
; Synthesis Effort                                                                ; Auto                 ; Auto               ;
; Shift Register Replacement - Allow Asynchronous Clear Signal                    ; On                   ; On                 ;
; Pre-Mapping Resynthesis Optimization                                            ; Off                  ; Off                ;
; Analysis & Synthesis Message Level                                              ; Medium               ; Medium             ;
; Disable Register Merging Across Hierarchies                                     ; Auto                 ; Auto               ;
; Resource Aware Inference For Block RAM                                          ; On                   ; On                 ;
; Automatic Parallel Synthesis                                                    ; On                   ; On                 ;
; Partial Reconfiguration Bitstream ID                                            ; Off                  ; Off                ;
+---------------------------------------------------------------------------------+----------------------+--------------------+


+------------------------------------------+
; Parallel Compilation                     ;
+----------------------------+-------------+
; Processors                 ; Number      ;
+----------------------------+-------------+
; Number detected on machine ; 8           ;
; Maximum allowed            ; 4           ;
;                            ;             ;
; Average used               ; 1.00        ;
; Maximum used               ; 4           ;
;                            ;             ;
; Usage by Processor         ; % Time Used ;
;     Processor 1            ; 100.0%      ;
;     Processor 2            ;   0.0%      ;
;     Processor 3            ;   0.0%      ;
;     Processor 4            ;   0.0%      ;
+----------------------------+-------------+


+---------------------------------------------------------------------------------------------------------------------------------------------------------------------------------------------------+
; Analysis & Synthesis Source Files Read                                                                                                                                                            ;
+------------------------------------------+-----------------+------------------------------------+---------------------------------------------------------------------------------------+---------+
; File Name with User-Entered Path         ; Used in Netlist ; File Type                          ; File Name with Absolute Path                                                          ; Library ;
+------------------------------------------+-----------------+------------------------------------+---------------------------------------------------------------------------------------+---------+
; graphics_module/VGA_Controller.vhd       ; yes             ; User VHDL File                     ; D:/Data/OneDrive/Documents/Prog/PianoHero/V1/graphics_module/VGA_Controller.vhd       ;         ;
; graphics_module/objects_mux.vhd          ; yes             ; User VHDL File                     ; D:/Data/OneDrive/Documents/Prog/PianoHero/V1/graphics_module/objects_mux.vhd          ;         ;
; graphics_module/note_print.vhd           ; yes             ; User VHDL File                     ; D:/Data/OneDrive/Documents/Prog/PianoHero/V1/graphics_module/note_print.vhd           ;         ;
; graphics_module/graphics_module_diag.bdf ; yes             ; User Block Diagram/Schematic File  ; D:/Data/OneDrive/Documents/Prog/PianoHero/V1/graphics_module/graphics_module_diag.bdf ;         ;
; graphics_module/back_ground_draw.vhd     ; yes             ; User VHDL File                     ; D:/Data/OneDrive/Documents/Prog/PianoHero/V1/graphics_module/back_ground_draw.vhd     ;         ;
; graphics_module/note_move.vhd            ; yes             ; User VHDL File                     ; D:/Data/OneDrive/Documents/Prog/PianoHero/V1/graphics_module/note_move.vhd            ;         ;
; lpm_constant.tdf                         ; yes             ; Megafunction                       ; d:/data/quartus/libraries/megafunctions/lpm_constant.tdf                              ;         ;
; db/lpm_constant_aj4.tdf                  ; yes             ; Auto-Generated Megafunction        ; D:/Data/OneDrive/Documents/Prog/PianoHero/V1/db/lpm_constant_aj4.tdf                  ;         ;
+------------------------------------------+-----------------+------------------------------------+---------------------------------------------------------------------------------------+---------+


+--------------------------------------------------------------+
; Analysis & Synthesis Resource Usage Summary                  ;
+---------------------------------------------+----------------+
; Resource                                    ; Usage          ;
+---------------------------------------------+----------------+
; Estimate of Logic utilization (ALMs needed) ; 326            ;
;                                             ;                ;
; Combinational ALUT usage for logic          ; 525            ;
;     -- 7 input functions                    ; 0              ;
;     -- 6 input functions                    ; 124            ;
;     -- 5 input functions                    ; 68             ;
;     -- 4 input functions                    ; 11             ;
;     -- <=3 input functions                  ; 322            ;
;                                             ;                ;
; Dedicated logic registers                   ; 211            ;
;                                             ;                ;
; I/O pins                                    ; 34             ;
;                                             ;                ;
; Total DSP Blocks                            ; 0              ;
;                                             ;                ;
; Maximum fan-out node                        ; CLOCK_50~input ;
; Maximum fan-out                             ; 212            ;
; Total fan-out                               ; 2836           ;
; Average fan-out                             ; 3.53           ;
+---------------------------------------------+----------------+


+-----------------------------------------------------------------------------------------------------------------------------------------------------------------------------------------------------------------------------+
; Analysis & Synthesis Resource Utilization by Entity                                                                                                                                                                         ;
+------------------------------+---------------------+---------------------------+-------------------+------------+------+--------------+-----------------------------------------------+----------------------+--------------+
; Compilation Hierarchy Node   ; Combinational ALUTs ; Dedicated Logic Registers ; Block Memory Bits ; DSP Blocks ; Pins ; Virtual Pins ; Full Hierarchy Name                           ; Entity Name          ; Library Name ;
+------------------------------+---------------------+---------------------------+-------------------+------------+------+--------------+-----------------------------------------------+----------------------+--------------+
; |graphics_module_diag        ; 525 (0)             ; 211 (0)                   ; 0                 ; 0          ; 34   ; 0            ; |graphics_module_diag                         ; graphics_module_diag ; work         ;
;    |VGA_Controller:inst1231| ; 160 (160)           ; 140 (140)                 ; 0                 ; 0          ; 0    ; 0            ; |graphics_module_diag|VGA_Controller:inst1231 ; VGA_Controller       ; work         ;
;    |note_move:inst1|         ; 83 (83)             ; 64 (64)                   ; 0                 ; 0          ; 0    ; 0            ; |graphics_module_diag|note_move:inst1         ; note_move            ; work         ;
;    |note_print:inst|         ; 279 (279)           ; 0 (0)                     ; 0                 ; 0          ; 0    ; 0            ; |graphics_module_diag|note_print:inst         ; note_print           ; work         ;
;    |objects_mux:inst8|       ; 3 (3)               ; 7 (7)                     ; 0                 ; 0          ; 0    ; 0            ; |graphics_module_diag|objects_mux:inst8       ; objects_mux          ; work         ;
+------------------------------+---------------------+---------------------------+-------------------+------------+------+--------------+-----------------------------------------------+----------------------+--------------+
Note: For table entries with two numbers listed, the numbers in parentheses indicate the number of resources of the given type used by the specific entity alone. The numbers listed outside of parentheses indicate the total resources of the given type used by the specific entity and all of its sub-entities in the hierarchy.


+---------------------------------------------------------------------------------------------------------------+
; User-Specified and Inferred Latches                                                                           ;
+----------------------------------------------------+---------------------------------+------------------------+
; Latch Name                                         ; Latch Enable Signal             ; Free of Timing Hazards ;
+----------------------------------------------------+---------------------------------+------------------------+
; note_print:inst|mVGA_G[2]                          ; note_print:inst|drawing_request ; yes                    ;
; note_print:inst|mVGA_G[1]                          ; note_print:inst|drawing_request ; yes                    ;
; note_print:inst|mVGA_G[0]                          ; note_print:inst|drawing_request ; yes                    ;
; note_print:inst|mVGA_R[2]                          ; note_print:inst|drawing_request ; yes                    ;
; note_print:inst|mVGA_R[1]                          ; note_print:inst|drawing_request ; yes                    ;
; note_print:inst|mVGA_R[0]                          ; note_print:inst|drawing_request ; yes                    ;
; Number of user-specified and inferred latches = 6  ;                                 ;                        ;
+----------------------------------------------------+---------------------------------+------------------------+
Note: All latches listed above may not be present at the end of synthesis due to various synthesis optimizations.


+------------------------------------------------------------------------------------+
; Registers Removed During Synthesis                                                 ;
+----------------------------------------+-------------------------------------------+
; Register name                          ; Reason for Removal                        ;
+----------------------------------------+-------------------------------------------+
; VGA_Controller:inst1231|oVGA_R[0..4]   ; Stuck at GND due to stuck port data_in    ;
; VGA_Controller:inst1231|oVGA_G[0..4]   ; Stuck at GND due to stuck port data_in    ;
; VGA_Controller:inst1231|oVGA_B[0..5]   ; Stuck at GND due to stuck port data_in    ;
; objects_mux:inst8|m_mVGA_t[1]          ; Merged with objects_mux:inst8|m_mVGA_t[0] ;
; Total Number of Removed Registers = 17 ;                                           ;
+----------------------------------------+-------------------------------------------+


+------------------------------------------------------+
; General Register Statistics                          ;
+----------------------------------------------+-------+
; Statistic                                    ; Value ;
+----------------------------------------------+-------+
; Total registers                              ; 211   ;
; Number of registers using Synchronous Clear  ; 186   ;
; Number of registers using Synchronous Load   ; 0     ;
; Number of registers using Asynchronous Clear ; 211   ;
; Number of registers using Asynchronous Load  ; 0     ;
; Number of registers using Clock Enable       ; 97    ;
; Number of registers using Preset             ; 0     ;
+----------------------------------------------+-------+


+------------------------------------------------------------------------------------------------------------------------------------------------------------------------+
; Multiplexer Restructuring Statistics (Restructuring Performed)                                                                                                         ;
+--------------------+-----------+---------------+----------------------+------------------------+------------+----------------------------------------------------------+
; Multiplexer Inputs ; Bus Width ; Baseline Area ; Area if Restructured ; Saving if Restructured ; Registered ; Example Multiplexer Output                               ;
+--------------------+-----------+---------------+----------------------+------------------------+------------+----------------------------------------------------------+
; 3:1                ; 30 bits   ; 60 LEs        ; 0 LEs                ; 60 LEs                 ; Yes        ; |graphics_module_diag|note_move:inst1|NoteLength_t[29]   ;
; 3:1                ; 30 bits   ; 60 LEs        ; 0 LEs                ; 60 LEs                 ; Yes        ; |graphics_module_diag|note_move:inst1|ObjectStartY_t[3]  ;
; 3:1                ; 2 bits    ; 4 LEs         ; 2 LEs                ; 2 LEs                  ; Yes        ; |graphics_module_diag|note_move:inst1|NoteLength_t[31]   ;
; 3:1                ; 2 bits    ; 4 LEs         ; 2 LEs                ; 2 LEs                  ; Yes        ; |graphics_module_diag|note_move:inst1|ObjectStartY_t[31] ;
; 3:1                ; 32 bits   ; 64 LEs        ; 64 LEs               ; 0 LEs                  ; No         ; |graphics_module_diag|note_print:inst|noteLen[29]        ;
+--------------------+-----------+---------------+----------------------+------------------------+------------+----------------------------------------------------------+


+--------------------------------------------------------------+
; Parameter Settings for User Entity Instance: note_print:inst ;
+----------------+-------+-------------------------------------+
; Parameter Name ; Value ; Type                                ;
+----------------+-------+-------------------------------------+
; objectstartx   ; 200   ; Signed Integer                      ;
+----------------+-------+-------------------------------------+
Note: In order to hide this table in the UI and the text report file, please set the "Show Parameter Settings in Synthesis Report" option in "Analysis and Synthesis Settings -> More Settings" to "Off".


+------------------------------------------------------------------+
; Parameter Settings for User Entity Instance: LPM_CONSTANT:inst10 ;
+--------------------+------------------+--------------------------+
; Parameter Name     ; Value            ; Type                     ;
+--------------------+------------------+--------------------------+
; LPM_WIDTH          ; 32               ; Signed Integer           ;
; LPM_CVALUE         ; 100              ; Signed Integer           ;
; ENABLE_RUNTIME_MOD ; NO               ; Untyped                  ;
; CBXI_PARAMETER     ; lpm_constant_aj4 ; Untyped                  ;
+--------------------+------------------+--------------------------+
Note: In order to hide this table in the UI and the text report file, please set the "Show Parameter Settings in Synthesis Report" option in "Analysis and Synthesis Settings -> More Settings" to "Off".


+------------------------------------------------------------------+
; Parameter Settings for User Entity Instance: LPM_CONSTANT:inst11 ;
+--------------------+------------------+--------------------------+
; Parameter Name     ; Value            ; Type                     ;
+--------------------+------------------+--------------------------+
; LPM_WIDTH          ; 8                ; Signed Integer           ;
; LPM_CVALUE         ; 0                ; Signed Integer           ;
; ENABLE_RUNTIME_MOD ; NO               ; Untyped                  ;
; CBXI_PARAMETER     ; lpm_constant_j84 ; Untyped                  ;
+--------------------+------------------+--------------------------+
Note: In order to hide this table in the UI and the text report file, please set the "Show Parameter Settings in Synthesis Report" option in "Analysis and Synthesis Settings -> More Settings" to "Off".


+-----------------------------------------------------+
; Post-Synthesis Netlist Statistics for Top Partition ;
+-----------------------+-----------------------------+
; Type                  ; Count                       ;
+-----------------------+-----------------------------+
; arriav_ff             ; 211                         ;
;     CLR               ; 18                          ;
;     CLR SCLR          ; 96                          ;
;     ENA CLR           ; 7                           ;
;     ENA CLR SCLR      ; 90                          ;
; arriav_lcell_comb     ; 526                         ;
;     arith             ; 280                         ;
;         1 data inputs ; 215                         ;
;         2 data inputs ; 33                          ;
;         5 data inputs ; 32                          ;
;     normal            ; 246                         ;
;         0 data inputs ; 1                           ;
;         1 data inputs ; 1                           ;
;         2 data inputs ; 27                          ;
;         3 data inputs ; 46                          ;
;         4 data inputs ; 11                          ;
;         5 data inputs ; 36                          ;
;         6 data inputs ; 124                         ;
; boundary_port         ; 34                          ;
;                       ;                             ;
; Max LUT depth         ; 14.60                       ;
; Average LUT depth     ; 7.64                        ;
+-----------------------+-----------------------------+


+-------------------------------+
; Elapsed Time Per Partition    ;
+----------------+--------------+
; Partition Name ; Elapsed Time ;
+----------------+--------------+
; Top            ; 00:00:01     ;
+----------------+--------------+


+-------------------------------+
; Analysis & Synthesis Messages ;
+-------------------------------+
Info: *******************************************************************
Info: Running Quartus Prime Analysis & Synthesis
    Info: Version 17.0.0 Build 595 04/25/2017 SJ Lite Edition
    Info: Processing started: Mon Aug 27 14:49:45 2018
Info: Command: quartus_map --read_settings_files=on --write_settings_files=off V1 -c V1
Warning (18236): Number of processors has not been specified which may cause overloading on shared machines.  Set the global assignment NUM_PARALLEL_PROCESSORS in your QSF to an appropriate value for best performance.
Info (20030): Parallel compilation is enabled and will use 4 of the 4 processors detected
Info (12021): Found 2 design units, including 1 entities, in source file graphics_module/note_controller.vhd
    Info (12022): Found design unit 1: note_controller-arc_note_controller File: D:/Data/OneDrive/Documents/Prog/PianoHero/V1/graphics_module/note_controller.vhd Line: 15
    Info (12023): Found entity 1: note_controller File: D:/Data/OneDrive/Documents/Prog/PianoHero/V1/graphics_module/note_controller.vhd Line: 6
Info (12021): Found 2 design units, including 1 entities, in source file score_mudole/score.vhd
    Info (12022): Found design unit 1: score-arc_score File: D:/Data/OneDrive/Documents/Prog/PianoHero/V1/score_mudole/score.vhd Line: 18
    Info (12023): Found entity 1: score File: D:/Data/OneDrive/Documents/Prog/PianoHero/V1/score_mudole/score.vhd Line: 6
Info (12021): Found 2 design units, including 1 entities, in source file score_mudole/hexss.vhd
    Info (12022): Found design unit 1: HEXSS-arc_HEXSS File: D:/Data/OneDrive/Documents/Prog/PianoHero/V1/score_mudole/HEXSS.vhd Line: 10
    Info (12023): Found entity 1: HEXSS File: D:/Data/OneDrive/Documents/Prog/PianoHero/V1/score_mudole/HEXSS.vhd Line: 4
Info (12021): Found 2 design units, including 1 entities, in source file top/play_controller.vhd
    Info (12022): Found design unit 1: play_controller-arc_play_controller File: D:/Data/OneDrive/Documents/Prog/PianoHero/V1/TOP/play_controller.vhd Line: 12
    Info (12023): Found entity 1: play_controller File: D:/Data/OneDrive/Documents/Prog/PianoHero/V1/TOP/play_controller.vhd Line: 6
Info (12021): Found 2 design units, including 1 entities, in source file keyboard_mudole/lpf.vhd
    Info (12022): Found design unit 1: lpf-arc_lpf File: D:/Data/OneDrive/Documents/Prog/PianoHero/V1/keyboard_mudole/lpf.vhd Line: 16
    Info (12023): Found entity 1: lpf File: D:/Data/OneDrive/Documents/Prog/PianoHero/V1/keyboard_mudole/lpf.vhd Line: 10
Info (12021): Found 2 design units, including 1 entities, in source file keyboard_mudole/key_chooser.vhd
    Info (12022): Found design unit 1: key_chooser-arc_key_chooser File: D:/Data/OneDrive/Documents/Prog/PianoHero/V1/keyboard_mudole/key_chooser.vhd Line: 16
    Info (12023): Found entity 1: key_chooser File: D:/Data/OneDrive/Documents/Prog/PianoHero/V1/keyboard_mudole/key_chooser.vhd Line: 4
Info (12021): Found 2 design units, including 1 entities, in source file keyboard_mudole/kbdintf.vhd
    Info (12022): Found design unit 1: KBDINTF-bdf_type File: D:/Data/OneDrive/Documents/Prog/PianoHero/V1/keyboard_mudole/KBDINTF.vhd Line: 38
    Info (12023): Found entity 1: KBDINTF File: D:/Data/OneDrive/Documents/Prog/PianoHero/V1/keyboard_mudole/KBDINTF.vhd Line: 25
Info (12021): Found 2 design units, including 1 entities, in source file keyboard_mudole/byterec.vhd
    Info (12022): Found design unit 1: byterec-arc_byterec File: D:/Data/OneDrive/Documents/Prog/PianoHero/V1/keyboard_mudole/byterec.vhd Line: 28
    Info (12023): Found entity 1: byterec File: D:/Data/OneDrive/Documents/Prog/PianoHero/V1/keyboard_mudole/byterec.vhd Line: 18
Info (12021): Found 2 design units, including 1 entities, in source file keyboard_mudole/bitrec.vhd
    Info (12022): Found design unit 1: bitrec-arc_bitrec File: D:/Data/OneDrive/Documents/Prog/PianoHero/V1/keyboard_mudole/bitrec.vhd Line: 17
    Info (12023): Found entity 1: bitrec File: D:/Data/OneDrive/Documents/Prog/PianoHero/V1/keyboard_mudole/bitrec.vhd Line: 8
Info (12021): Found 2 design units, including 1 entities, in source file graphics_module/vga_controller.vhd
    Info (12022): Found design unit 1: VGA_Controller-behav File: D:/Data/OneDrive/Documents/Prog/PianoHero/V1/graphics_module/VGA_Controller.vhd Line: 32
    Info (12023): Found entity 1: VGA_Controller File: D:/Data/OneDrive/Documents/Prog/PianoHero/V1/graphics_module/VGA_Controller.vhd Line: 7
Info (12021): Found 2 design units, including 1 entities, in source file graphics_module/objects_mux.vhd
    Info (12022): Found design unit 1: objects_mux-behav File: D:/Data/OneDrive/Documents/Prog/PianoHero/V1/graphics_module/objects_mux.vhd Line: 28
    Info (12023): Found entity 1: objects_mux File: D:/Data/OneDrive/Documents/Prog/PianoHero/V1/graphics_module/objects_mux.vhd Line: 8
Info (12021): Found 2 design units, including 1 entities, in source file graphics_module/note_print.vhd
    Info (12022): Found design unit 1: note_print-behav File: D:/Data/OneDrive/Documents/Prog/PianoHero/V1/graphics_module/note_print.vhd Line: 25
    Info (12023): Found entity 1: note_print File: D:/Data/OneDrive/Documents/Prog/PianoHero/V1/graphics_module/note_print.vhd Line: 9
Info (12021): Found 1 design units, including 1 entities, in source file sound_module/audio_codec_controller.qxp
    Info (12023): Found entity 1: audio_codec_controller File: D:/Data/OneDrive/Documents/Prog/PianoHero/V1/sound_module/audio_codec_controller.qxp Line: -1
Info (12021): Found 1 design units, including 1 entities, in source file sound_module/audio_module_diag.bdf
    Info (12023): Found entity 1: audio_module_diag
Info (12021): Found 2 design units, including 1 entities, in source file sound_module/sintable.vhd
    Info (12022): Found design unit 1: sintable-arch File: D:/Data/OneDrive/Documents/Prog/PianoHero/V1/sound_module/SinTable.vhd Line: 21
    Info (12023): Found entity 1: sintable File: D:/Data/OneDrive/Documents/Prog/PianoHero/V1/sound_module/SinTable.vhd Line: 12
Info (12021): Found 2 design units, including 1 entities, in source file sound_module/addr_counter.vhd
    Info (12022): Found design unit 1: addr_counter-addr_counter_arch File: D:/Data/OneDrive/Documents/Prog/PianoHero/V1/sound_module/addr_counter.vhd Line: 23
    Info (12023): Found entity 1: addr_counter File: D:/Data/OneDrive/Documents/Prog/PianoHero/V1/sound_module/addr_counter.vhd Line: 7
Info (12021): Found 2 design units, including 1 entities, in source file sound_module/sound_freq_gen.vhd
    Info (12022): Found design unit 1: sound_freq_gen-arc_sound_freq_gen File: D:/Data/OneDrive/Documents/Prog/PianoHero/V1/sound_module/sound_freq_gen.vhd Line: 10
    Info (12023): Found entity 1: sound_freq_gen File: D:/Data/OneDrive/Documents/Prog/PianoHero/V1/sound_module/sound_freq_gen.vhd Line: 4
Info (12021): Found 1 design units, including 1 entities, in source file graphics_module/graphics_module_diag.bdf
    Info (12023): Found entity 1: graphics_module_diag
Info (12021): Found 2 design units, including 1 entities, in source file graphics_module/back_ground_draw.vhd
    Info (12022): Found design unit 1: back_ground_draw-behav File: D:/Data/OneDrive/Documents/Prog/PianoHero/V1/graphics_module/back_ground_draw.vhd Line: 20
    Info (12023): Found entity 1: back_ground_draw File: D:/Data/OneDrive/Documents/Prog/PianoHero/V1/graphics_module/back_ground_draw.vhd Line: 9
Info (12021): Found 2 design units, including 1 entities, in source file graphics_module/note_move.vhd
    Info (12022): Found design unit 1: note_move-behav File: D:/Data/OneDrive/Documents/Prog/PianoHero/V1/graphics_module/note_move.vhd Line: 23
    Info (12023): Found entity 1: note_move File: D:/Data/OneDrive/Documents/Prog/PianoHero/V1/graphics_module/note_move.vhd Line: 9
Info (12021): Found 1 design units, including 1 entities, in source file keyboard_mudole/keyboard_module_diag.bdf
    Info (12023): Found entity 1: keyboard_module_diag
Info (12021): Found 2 design units, including 1 entities, in source file sound_module/sound_chooser.vhd
    Info (12022): Found design unit 1: sound_chooser-arc_sound_chooser File: D:/Data/OneDrive/Documents/Prog/PianoHero/V1/sound_module/sound_chooser.vhd Line: 14
    Info (12023): Found entity 1: sound_chooser File: D:/Data/OneDrive/Documents/Prog/PianoHero/V1/sound_module/sound_chooser.vhd Line: 6
Info (12021): Found 2 design units, including 1 entities, in source file sound_module/errtable.vhd
    Info (12022): Found design unit 1: errtable-arch File: D:/Data/OneDrive/Documents/Prog/PianoHero/V1/sound_module/errTable.vhd Line: 21
    Info (12023): Found entity 1: errtable File: D:/Data/OneDrive/Documents/Prog/PianoHero/V1/sound_module/errTable.vhd Line: 12
Info (12021): Found 1 design units, including 1 entities, in source file top/top_module_diag.bdf
    Info (12023): Found entity 1: TOP_module_diag
Info (12021): Found 1 design units, including 1 entities, in source file score_mudole/score_module_diag.bdf
    Info (12023): Found entity 1: score_module_diag
Info (12021): Found 2 design units, including 1 entities, in source file songdb_module/testsong.vhd
    Info (12022): Found design unit 1: testSong-arch File: D:/Data/OneDrive/Documents/Prog/PianoHero/V1/songDB_module/testSong.vhd Line: 22
    Info (12023): Found entity 1: testSong File: D:/Data/OneDrive/Documents/Prog/PianoHero/V1/songDB_module/testSong.vhd Line: 12
Info (12127): Elaborating entity "graphics_module_diag" for the top level hierarchy
Warning (275011): Block or symbol "back_ground_draw" of instance "inst2" overlaps another block or symbol
Info (12128): Elaborating entity "VGA_Controller" for hierarchy "VGA_Controller:inst1231"
Info (12128): Elaborating entity "objects_mux" for hierarchy "objects_mux:inst8"
Info (12128): Elaborating entity "note_print" for hierarchy "note_print:inst"
Warning (10492): VHDL Process Statement warning at note_print.vhd(48): signal "ObjectStartY" is read inside the Process Statement but isn't in the Process Statement's sensitivity list File: D:/Data/OneDrive/Documents/Prog/PianoHero/V1/graphics_module/note_print.vhd Line: 48
Warning (10492): VHDL Process Statement warning at note_print.vhd(48): signal "NoteLength" is read inside the Process Statement but isn't in the Process Statement's sensitivity list File: D:/Data/OneDrive/Documents/Prog/PianoHero/V1/graphics_module/note_print.vhd Line: 48
Warning (10492): VHDL Process Statement warning at note_print.vhd(49): signal "ObjectStartY" is read inside the Process Statement but isn't in the Process Statement's sensitivity list File: D:/Data/OneDrive/Documents/Prog/PianoHero/V1/graphics_module/note_print.vhd Line: 49
Warning (10492): VHDL Process Statement warning at note_print.vhd(50): signal "ObjectStartY" is read inside the Process Statement but isn't in the Process Statement's sensitivity list File: D:/Data/OneDrive/Documents/Prog/PianoHero/V1/graphics_module/note_print.vhd Line: 50
Warning (10492): VHDL Process Statement warning at note_print.vhd(52): signal "ObjectStartY" is read inside the Process Statement but isn't in the Process Statement's sensitivity list File: D:/Data/OneDrive/Documents/Prog/PianoHero/V1/graphics_module/note_print.vhd Line: 52
Warning (10492): VHDL Process Statement warning at note_print.vhd(54): signal "NoteLength" is read inside the Process Statement but isn't in the Process Statement's sensitivity list File: D:/Data/OneDrive/Documents/Prog/PianoHero/V1/graphics_module/note_print.vhd Line: 54
Warning (10492): VHDL Process Statement warning at note_print.vhd(54): signal "ObjectStartY" is read inside the Process Statement but isn't in the Process Statement's sensitivity list File: D:/Data/OneDrive/Documents/Prog/PianoHero/V1/graphics_module/note_print.vhd Line: 54
Warning (10492): VHDL Process Statement warning at note_print.vhd(57): signal "NoteLength" is read inside the Process Statement but isn't in the Process Statement's sensitivity list File: D:/Data/OneDrive/Documents/Prog/PianoHero/V1/graphics_module/note_print.vhd Line: 57
Warning (10492): VHDL Process Statement warning at note_print.vhd(58): signal "ObjectStartY" is read inside the Process Statement but isn't in the Process Statement's sensitivity list File: D:/Data/OneDrive/Documents/Prog/PianoHero/V1/graphics_module/note_print.vhd Line: 58
Warning (10492): VHDL Process Statement warning at note_print.vhd(61): signal "ObjectStartY" is read inside the Process Statement but isn't in the Process Statement's sensitivity list File: D:/Data/OneDrive/Documents/Prog/PianoHero/V1/graphics_module/note_print.vhd Line: 61
Warning (10492): VHDL Process Statement warning at note_print.vhd(65): signal "sound" is read inside the Process Statement but isn't in the Process Statement's sensitivity list File: D:/Data/OneDrive/Documents/Prog/PianoHero/V1/graphics_module/note_print.vhd Line: 65
Warning (10492): VHDL Process Statement warning at note_print.vhd(69): signal "sound" is read inside the Process Statement but isn't in the Process Statement's sensitivity list File: D:/Data/OneDrive/Documents/Prog/PianoHero/V1/graphics_module/note_print.vhd Line: 69
Warning (10631): VHDL Process Statement warning at note_print.vhd(43): inferring latch(es) for signal or variable "mVGA_R", which holds its previous value in one or more paths through the process File: D:/Data/OneDrive/Documents/Prog/PianoHero/V1/graphics_module/note_print.vhd Line: 43
Warning (10631): VHDL Process Statement warning at note_print.vhd(43): inferring latch(es) for signal or variable "mVGA_G", which holds its previous value in one or more paths through the process File: D:/Data/OneDrive/Documents/Prog/PianoHero/V1/graphics_module/note_print.vhd Line: 43
Warning (10631): VHDL Process Statement warning at note_print.vhd(43): inferring latch(es) for signal or variable "mVGA_B", which holds its previous value in one or more paths through the process File: D:/Data/OneDrive/Documents/Prog/PianoHero/V1/graphics_module/note_print.vhd Line: 43
Info (10041): Inferred latch for "mVGA_B[0]" at note_print.vhd(43) File: D:/Data/OneDrive/Documents/Prog/PianoHero/V1/graphics_module/note_print.vhd Line: 43
Info (10041): Inferred latch for "mVGA_B[1]" at note_print.vhd(43) File: D:/Data/OneDrive/Documents/Prog/PianoHero/V1/graphics_module/note_print.vhd Line: 43
Info (10041): Inferred latch for "mVGA_G[0]" at note_print.vhd(43) File: D:/Data/OneDrive/Documents/Prog/PianoHero/V1/graphics_module/note_print.vhd Line: 43
Info (10041): Inferred latch for "mVGA_G[1]" at note_print.vhd(43) File: D:/Data/OneDrive/Documents/Prog/PianoHero/V1/graphics_module/note_print.vhd Line: 43
Info (10041): Inferred latch for "mVGA_G[2]" at note_print.vhd(43) File: D:/Data/OneDrive/Documents/Prog/PianoHero/V1/graphics_module/note_print.vhd Line: 43
Info (10041): Inferred latch for "mVGA_R[0]" at note_print.vhd(43) File: D:/Data/OneDrive/Documents/Prog/PianoHero/V1/graphics_module/note_print.vhd Line: 43
Info (10041): Inferred latch for "mVGA_R[1]" at note_print.vhd(43) File: D:/Data/OneDrive/Documents/Prog/PianoHero/V1/graphics_module/note_print.vhd Line: 43
Info (10041): Inferred latch for "mVGA_R[2]" at note_print.vhd(43) File: D:/Data/OneDrive/Documents/Prog/PianoHero/V1/graphics_module/note_print.vhd Line: 43
Info (12128): Elaborating entity "note_move" for hierarchy "note_move:inst1"
Info (12128): Elaborating entity "LPM_CONSTANT" for hierarchy "LPM_CONSTANT:inst10"
Info (12130): Elaborated megafunction instantiation "LPM_CONSTANT:inst10"
Info (12133): Instantiated megafunction "LPM_CONSTANT:inst10" with the following parameter:
    Info (12134): Parameter "LPM_CVALUE" = "100"
    Info (12134): Parameter "LPM_WIDTH" = "32"
Info (12021): Found 1 design units, including 1 entities, in source file db/lpm_constant_aj4.tdf
    Info (12023): Found entity 1: lpm_constant_aj4 File: D:/Data/OneDrive/Documents/Prog/PianoHero/V1/db/lpm_constant_aj4.tdf Line: 23
Info (12128): Elaborating entity "lpm_constant_aj4" for hierarchy "LPM_CONSTANT:inst10|lpm_constant_aj4:ag" File: d:/data/quartus/libraries/megafunctions/lpm_constant.tdf Line: 46
Info (12128): Elaborating entity "LPM_CONSTANT" for hierarchy "LPM_CONSTANT:inst11"
Info (12130): Elaborated megafunction instantiation "LPM_CONSTANT:inst11"
Info (12133): Instantiated megafunction "LPM_CONSTANT:inst11" with the following parameter:
    Info (12134): Parameter "LPM_CVALUE" = "0"
    Info (12134): Parameter "LPM_WIDTH" = "8"
Info (12128): Elaborating entity "back_ground_draw" for hierarchy "back_ground_draw:inst2"
Info (13025): Duplicate LATCH primitives merged into single LATCH primitive
    Info (13026): Duplicate LATCH primitive "note_print:inst|mVGA_G[1]" merged with LATCH primitive "note_print:inst|mVGA_G[2]" File: D:/Data/OneDrive/Documents/Prog/PianoHero/V1/graphics_module/note_print.vhd Line: 43
    Info (13026): Duplicate LATCH primitive "note_print:inst|mVGA_G[0]" merged with LATCH primitive "note_print:inst|mVGA_G[2]" File: D:/Data/OneDrive/Documents/Prog/PianoHero/V1/graphics_module/note_print.vhd Line: 43
    Info (13026): Duplicate LATCH primitive "note_print:inst|mVGA_R[1]" merged with LATCH primitive "note_print:inst|mVGA_R[2]" File: D:/Data/OneDrive/Documents/Prog/PianoHero/V1/graphics_module/note_print.vhd Line: 43
    Info (13026): Duplicate LATCH primitive "note_print:inst|mVGA_R[0]" merged with LATCH primitive "note_print:inst|mVGA_R[2]" File: D:/Data/OneDrive/Documents/Prog/PianoHero/V1/graphics_module/note_print.vhd Line: 43
Warning (13012): Latch note_print:inst|mVGA_G[2] has unsafe behavior File: D:/Data/OneDrive/Documents/Prog/PianoHero/V1/graphics_module/note_print.vhd Line: 43
    Warning (13013): Ports D and ENA on the latch are fed by the same signal note_move:inst1|ObjectStartY_t[31] File: D:/Data/OneDrive/Documents/Prog/PianoHero/V1/graphics_module/note_move.vhd Line: 32
Warning (13012): Latch note_print:inst|mVGA_R[2] has unsafe behavior File: D:/Data/OneDrive/Documents/Prog/PianoHero/V1/graphics_module/note_print.vhd Line: 43
    Warning (13013): Ports D and ENA on the latch are fed by the same signal note_move:inst1|ObjectStartY_t[31] File: D:/Data/OneDrive/Documents/Prog/PianoHero/V1/graphics_module/note_move.vhd Line: 32
Warning (13024): Output pins are stuck at VCC or GND
    Warning (13410): Pin "VGA_SYNC_N" is stuck at GND
    Warning (13410): Pin "VGA_B[5]" is stuck at GND
    Warning (13410): Pin "VGA_B[4]" is stuck at GND
    Warning (13410): Pin "VGA_B[3]" is stuck at GND
    Warning (13410): Pin "VGA_B[2]" is stuck at GND
    Warning (13410): Pin "VGA_B[1]" is stuck at GND
    Warning (13410): Pin "VGA_B[0]" is stuck at GND
    Warning (13410): Pin "VGA_G[4]" is stuck at GND
    Warning (13410): Pin "VGA_G[3]" is stuck at GND
    Warning (13410): Pin "VGA_G[2]" is stuck at GND
    Warning (13410): Pin "VGA_G[1]" is stuck at GND
    Warning (13410): Pin "VGA_G[0]" is stuck at GND
    Warning (13410): Pin "VGA_R[4]" is stuck at GND
    Warning (13410): Pin "VGA_R[3]" is stuck at GND
    Warning (13410): Pin "VGA_R[2]" is stuck at GND
    Warning (13410): Pin "VGA_R[1]" is stuck at GND
    Warning (13410): Pin "VGA_R[0]" is stuck at GND
Info (286030): Timing-Driven Synthesis is running
Critical Warning (18061): Ignored Power-Up Level option on the following registers
    Critical Warning (18010): Register note_move:inst1|ObjectStartY_t[31] will power up to Low File: D:/Data/OneDrive/Documents/Prog/PianoHero/V1/graphics_module/note_move.vhd Line: 32
    Critical Warning (18010): Register VGA_Controller:inst1231|V_Cont[31] will power up to Low File: D:/Data/OneDrive/Documents/Prog/PianoHero/V1/graphics_module/VGA_Controller.vhd Line: 152
    Critical Warning (18010): Register VGA_Controller:inst1231|H_Cont[31] will power up to Low File: D:/Data/OneDrive/Documents/Prog/PianoHero/V1/graphics_module/VGA_Controller.vhd Line: 127
    Critical Warning (18010): Register VGA_Controller:inst1231|H_Cont[0] will power up to Low File: D:/Data/OneDrive/Documents/Prog/PianoHero/V1/graphics_module/VGA_Controller.vhd Line: 127
    Critical Warning (18010): Register note_move:inst1|NoteLength_t[31] will power up to Low File: D:/Data/OneDrive/Documents/Prog/PianoHero/V1/graphics_module/note_move.vhd Line: 32
    Critical Warning (18010): Register VGA_Controller:inst1231|oCoord_X[31] will power up to Low File: D:/Data/OneDrive/Documents/Prog/PianoHero/V1/graphics_module/VGA_Controller.vhd Line: 84
    Critical Warning (18010): Register VGA_Controller:inst1231|oCoord_X[0] will power up to Low File: D:/Data/OneDrive/Documents/Prog/PianoHero/V1/graphics_module/VGA_Controller.vhd Line: 84
    Critical Warning (18010): Register VGA_Controller:inst1231|oCoord_Y[31] will power up to Low File: D:/Data/OneDrive/Documents/Prog/PianoHero/V1/graphics_module/VGA_Controller.vhd Line: 84
    Critical Warning (18010): Register VGA_Controller:inst1231|oCoord_Y[0] will power up to Low File: D:/Data/OneDrive/Documents/Prog/PianoHero/V1/graphics_module/VGA_Controller.vhd Line: 84
    Critical Warning (18010): Register note_move:inst1|ObjectStartY_t[0] will power up to Low File: D:/Data/OneDrive/Documents/Prog/PianoHero/V1/graphics_module/note_move.vhd Line: 32
    Critical Warning (18010): Register note_move:inst1|NoteLength_t[0] will power up to Low File: D:/Data/OneDrive/Documents/Prog/PianoHero/V1/graphics_module/note_move.vhd Line: 32
    Critical Warning (18010): Register VGA_Controller:inst1231|V_Cont[0] will power up to Low File: D:/Data/OneDrive/Documents/Prog/PianoHero/V1/graphics_module/VGA_Controller.vhd Line: 152
Info (16010): Generating hard_block partition "hard_block:auto_generated_inst"
    Info (16011): Adding 0 node(s), including 0 DDIO, 0 PLL, 0 transceiver and 0 LCELL
Info (21057): Implemented 577 device resources after synthesis - the final resource count might be different
    Info (21058): Implemented 4 input pins
    Info (21059): Implemented 30 output pins
    Info (21061): Implemented 543 logic cells
Info: Quartus Prime Analysis & Synthesis was successful. 0 errors, 52 warnings
    Info: Peak virtual memory: 4870 megabytes
    Info: Processing ended: Mon Aug 27 14:49:57 2018
    Info: Elapsed time: 00:00:12
    Info: Total CPU time (on all processors): 00:00:25


