------------------------------------------------------------
TimeQuest Timing Analyzer Summary
------------------------------------------------------------

Type  : Slow 1100mV 85C Model Setup 'CLOCK_50'
Slack : -60.670
TNS   : -80318.468

Type  : Slow 1100mV 85C Model Setup 'graphics_module_diag:inst9|VGA_Controller:inst1231|oCoord_Y[10]'
Slack : -9.698
TNS   : -47.921

Type  : Slow 1100mV 85C Model Setup 'AUD_BCLK'
Slack : -5.877
TNS   : -250.573

Type  : Slow 1100mV 85C Model Hold 'CLOCK_50'
Slack : 0.220
TNS   : 0.000

Type  : Slow 1100mV 85C Model Hold 'AUD_BCLK'
Slack : 0.283
TNS   : 0.000

Type  : Slow 1100mV 85C Model Hold 'graphics_module_diag:inst9|VGA_Controller:inst1231|oCoord_Y[10]'
Slack : 1.421
TNS   : 0.000

Type  : Slow 1100mV 85C Model Recovery 'AUD_BCLK'
Slack : -6.017
TNS   : -287.687

Type  : Slow 1100mV 85C Model Recovery 'CLOCK_50'
Slack : -4.959
TNS   : -18460.744

Type  : Slow 1100mV 85C Model Removal 'AUD_BCLK'
Slack : 0.489
TNS   : 0.000

Type  : Slow 1100mV 85C Model Removal 'CLOCK_50'
Slack : 0.876
TNS   : 0.000

Type  : Slow 1100mV 85C Model Minimum Pulse Width 'CLOCK_50'
Slack : -2.174
TNS   : -12129.152

Type  : Slow 1100mV 85C Model Minimum Pulse Width 'AUD_BCLK'
Slack : -2.174
TNS   : -264.601

Type  : Slow 1100mV 85C Model Minimum Pulse Width 'resetN'
Slack : -0.171
TNS   : -1.281

Type  : Slow 1100mV 85C Model Minimum Pulse Width 'graphics_module_diag:inst9|VGA_Controller:inst1231|oCoord_Y[10]'
Slack : 0.201
TNS   : 0.000

Type  : Slow 1100mV 0C Model Setup 'CLOCK_50'
Slack : -61.678
TNS   : -79032.750

Type  : Slow 1100mV 0C Model Setup 'graphics_module_diag:inst9|VGA_Controller:inst1231|oCoord_Y[10]'
Slack : -9.848
TNS   : -48.432

Type  : Slow 1100mV 0C Model Setup 'AUD_BCLK'
Slack : -5.752
TNS   : -240.637

Type  : Slow 1100mV 0C Model Hold 'CLOCK_50'
Slack : 0.212
TNS   : 0.000

Type  : Slow 1100mV 0C Model Hold 'AUD_BCLK'
Slack : 0.262
TNS   : 0.000

Type  : Slow 1100mV 0C Model Hold 'graphics_module_diag:inst9|VGA_Controller:inst1231|oCoord_Y[10]'
Slack : 1.533
TNS   : 0.000

Type  : Slow 1100mV 0C Model Recovery 'AUD_BCLK'
Slack : -5.819
TNS   : -277.858

Type  : Slow 1100mV 0C Model Recovery 'CLOCK_50'
Slack : -4.747
TNS   : -17558.761

Type  : Slow 1100mV 0C Model Removal 'AUD_BCLK'
Slack : 0.368
TNS   : 0.000

Type  : Slow 1100mV 0C Model Removal 'CLOCK_50'
Slack : 0.818
TNS   : 0.000

Type  : Slow 1100mV 0C Model Minimum Pulse Width 'CLOCK_50'
Slack : -2.174
TNS   : -11855.995

Type  : Slow 1100mV 0C Model Minimum Pulse Width 'AUD_BCLK'
Slack : -2.174
TNS   : -261.384

Type  : Slow 1100mV 0C Model Minimum Pulse Width 'resetN'
Slack : -0.238
TNS   : -2.080

Type  : Slow 1100mV 0C Model Minimum Pulse Width 'graphics_module_diag:inst9|VGA_Controller:inst1231|oCoord_Y[10]'
Slack : 0.144
TNS   : 0.000

Type  : Fast 1100mV 85C Model Setup 'CLOCK_50'
Slack : -33.168
TNS   : -46060.547

Type  : Fast 1100mV 85C Model Setup 'graphics_module_diag:inst9|VGA_Controller:inst1231|oCoord_Y[10]'
Slack : -5.268
TNS   : -25.587

Type  : Fast 1100mV 85C Model Setup 'AUD_BCLK'
Slack : -3.955
TNS   : -84.496

Type  : Fast 1100mV 85C Model Hold 'CLOCK_50'
Slack : 0.129
TNS   : 0.000

Type  : Fast 1100mV 85C Model Hold 'AUD_BCLK'
Slack : 0.164
TNS   : 0.000

Type  : Fast 1100mV 85C Model Hold 'graphics_module_diag:inst9|VGA_Controller:inst1231|oCoord_Y[10]'
Slack : 0.763
TNS   : 0.000

Type  : Fast 1100mV 85C Model Recovery 'AUD_BCLK'
Slack : -3.749
TNS   : -182.286

Type  : Fast 1100mV 85C Model Recovery 'CLOCK_50'
Slack : -3.181
TNS   : -11979.059

Type  : Fast 1100mV 85C Model Removal 'CLOCK_50'
Slack : 0.515
TNS   : 0.000

Type  : Fast 1100mV 85C Model Removal 'AUD_BCLK'
Slack : 0.654
TNS   : 0.000

Type  : Fast 1100mV 85C Model Minimum Pulse Width 'CLOCK_50'
Slack : -2.174
TNS   : -11245.458

Type  : Fast 1100mV 85C Model Minimum Pulse Width 'AUD_BCLK'
Slack : -2.174
TNS   : -278.395

Type  : Fast 1100mV 85C Model Minimum Pulse Width 'resetN'
Slack : -0.468
TNS   : -6.613

Type  : Fast 1100mV 85C Model Minimum Pulse Width 'graphics_module_diag:inst9|VGA_Controller:inst1231|oCoord_Y[10]'
Slack : 0.264
TNS   : 0.000

Type  : Fast 1100mV 0C Model Setup 'CLOCK_50'
Slack : -31.098
TNS   : -41147.214

Type  : Fast 1100mV 0C Model Setup 'graphics_module_diag:inst9|VGA_Controller:inst1231|oCoord_Y[10]'
Slack : -4.846
TNS   : -23.570

Type  : Fast 1100mV 0C Model Setup 'AUD_BCLK'
Slack : -3.354
TNS   : -67.067

Type  : Fast 1100mV 0C Model Hold 'AUD_BCLK'
Slack : 0.093
TNS   : 0.000

Type  : Fast 1100mV 0C Model Hold 'CLOCK_50'
Slack : 0.120
TNS   : 0.000

Type  : Fast 1100mV 0C Model Hold 'graphics_module_diag:inst9|VGA_Controller:inst1231|oCoord_Y[10]'
Slack : 0.850
TNS   : 0.000

Type  : Fast 1100mV 0C Model Recovery 'AUD_BCLK'
Slack : -3.135
TNS   : -150.497

Type  : Fast 1100mV 0C Model Recovery 'CLOCK_50'
Slack : -3.133
TNS   : -11684.466

Type  : Fast 1100mV 0C Model Removal 'AUD_BCLK'
Slack : 0.288
TNS   : 0.000

Type  : Fast 1100mV 0C Model Removal 'CLOCK_50'
Slack : 0.457
TNS   : 0.000

Type  : Fast 1100mV 0C Model Minimum Pulse Width 'CLOCK_50'
Slack : -2.174
TNS   : -11799.407

Type  : Fast 1100mV 0C Model Minimum Pulse Width 'AUD_BCLK'
Slack : -2.174
TNS   : -295.780

Type  : Fast 1100mV 0C Model Minimum Pulse Width 'resetN'
Slack : -0.499
TNS   : -7.604

Type  : Fast 1100mV 0C Model Minimum Pulse Width 'graphics_module_diag:inst9|VGA_Controller:inst1231|oCoord_Y[10]'
Slack : 0.276
TNS   : 0.000

------------------------------------------------------------
