------------------------------------------------------------
TimeQuest Timing Analyzer Summary
------------------------------------------------------------

Type  : Slow 1100mV 85C Model Setup 'CLOCK_50'
Slack : -56.379
TNS   : -10440.199

Type  : Slow 1100mV 85C Model Setup 'AUD_BCLK'
Slack : -5.926
TNS   : -249.038

Type  : Slow 1100mV 85C Model Hold 'CLOCK_50'
Slack : 0.223
TNS   : 0.000

Type  : Slow 1100mV 85C Model Hold 'AUD_BCLK'
Slack : 0.294
TNS   : 0.000

Type  : Slow 1100mV 85C Model Recovery 'CLOCK_50'
Slack : -7.390
TNS   : -52.514

Type  : Slow 1100mV 85C Model Recovery 'AUD_BCLK'
Slack : -6.228
TNS   : -287.373

Type  : Slow 1100mV 85C Model Removal 'AUD_BCLK'
Slack : 0.633
TNS   : 0.000

Type  : Slow 1100mV 85C Model Removal 'CLOCK_50'
Slack : 0.905
TNS   : 0.000

Type  : Slow 1100mV 85C Model Minimum Pulse Width 'CLOCK_50'
Slack : -2.174
TNS   : -1240.454

Type  : Slow 1100mV 85C Model Minimum Pulse Width 'AUD_BCLK'
Slack : -2.174
TNS   : -264.036

Type  : Slow 1100mV 0C Model Setup 'CLOCK_50'
Slack : -58.993
TNS   : -10440.668

Type  : Slow 1100mV 0C Model Setup 'AUD_BCLK'
Slack : -5.686
TNS   : -237.755

Type  : Slow 1100mV 0C Model Hold 'CLOCK_50'
Slack : 0.210
TNS   : 0.000

Type  : Slow 1100mV 0C Model Hold 'AUD_BCLK'
Slack : 0.278
TNS   : 0.000

Type  : Slow 1100mV 0C Model Recovery 'CLOCK_50'
Slack : -7.039
TNS   : -48.226

Type  : Slow 1100mV 0C Model Recovery 'AUD_BCLK'
Slack : -6.038
TNS   : -277.261

Type  : Slow 1100mV 0C Model Removal 'AUD_BCLK'
Slack : 0.576
TNS   : 0.000

Type  : Slow 1100mV 0C Model Removal 'CLOCK_50'
Slack : 0.842
TNS   : 0.000

Type  : Slow 1100mV 0C Model Minimum Pulse Width 'CLOCK_50'
Slack : -2.174
TNS   : -1147.479

Type  : Slow 1100mV 0C Model Minimum Pulse Width 'AUD_BCLK'
Slack : -2.174
TNS   : -261.491

Type  : Fast 1100mV 85C Model Setup 'CLOCK_50'
Slack : -28.331
TNS   : -5421.175

Type  : Fast 1100mV 85C Model Setup 'AUD_BCLK'
Slack : -4.080
TNS   : -83.510

Type  : Fast 1100mV 85C Model Hold 'CLOCK_50'
Slack : 0.132
TNS   : 0.000

Type  : Fast 1100mV 85C Model Hold 'AUD_BCLK'
Slack : 0.172
TNS   : 0.000

Type  : Fast 1100mV 85C Model Recovery 'CLOCK_50'
Slack : -4.919
TNS   : -19.298

Type  : Fast 1100mV 85C Model Recovery 'AUD_BCLK'
Slack : -3.981
TNS   : -190.309

Type  : Fast 1100mV 85C Model Removal 'CLOCK_50'
Slack : 0.516
TNS   : 0.000

Type  : Fast 1100mV 85C Model Removal 'AUD_BCLK'
Slack : 0.647
TNS   : 0.000

Type  : Fast 1100mV 85C Model Minimum Pulse Width 'CLOCK_50'
Slack : -2.174
TNS   : -881.222

Type  : Fast 1100mV 85C Model Minimum Pulse Width 'AUD_BCLK'
Slack : -2.174
TNS   : -270.035

Type  : Fast 1100mV 0C Model Setup 'CLOCK_50'
Slack : -26.967
TNS   : -4842.087

Type  : Fast 1100mV 0C Model Setup 'AUD_BCLK'
Slack : -3.407
TNS   : -62.162

Type  : Fast 1100mV 0C Model Hold 'CLOCK_50'
Slack : 0.124
TNS   : 0.000

Type  : Fast 1100mV 0C Model Hold 'AUD_BCLK'
Slack : 0.156
TNS   : 0.000

Type  : Fast 1100mV 0C Model Recovery 'CLOCK_50'
Slack : -4.170
TNS   : -14.219

Type  : Fast 1100mV 0C Model Recovery 'AUD_BCLK'
Slack : -3.267
TNS   : -156.356

Type  : Fast 1100mV 0C Model Removal 'AUD_BCLK'
Slack : 0.312
TNS   : 0.000

Type  : Fast 1100mV 0C Model Removal 'CLOCK_50'
Slack : 0.470
TNS   : 0.000

Type  : Fast 1100mV 0C Model Minimum Pulse Width 'CLOCK_50'
Slack : -2.174
TNS   : -1024.871

Type  : Fast 1100mV 0C Model Minimum Pulse Width 'AUD_BCLK'
Slack : -2.174
TNS   : -288.645

------------------------------------------------------------
